

================================================================
== Vivado HLS Report for 'inference_maxPoolNxN_1'
================================================================
* Date:           Sat Jun 04 19:26:09 2016

* Version:        2015.4 (Build 1412921 on Wed Nov 18 09:58:55 AM 2015)
* Project:        convnet_cpp
* Solution:       solution1
* Product family: virtex7
* Target device:  xc7vx690tffg1761-2


================================================================
== Performance Estimates
================================================================
+ Timing (ns): 
    * Summary: 
    +--------+-------+----------+------------+
    |  Clock | Target| Estimated| Uncertainty|
    +--------+-------+----------+------------+
    |ap_clk  |  10.00|      7.34|        1.25|
    +--------+-------+----------+------------+

+ Latency (clock cycles): 
    * Summary: 
    +-----+-----+-----+-----+---------+
    |  Latency  |  Interval | Pipeline|
    | min | max | min | max |   Type  |
    +-----+-----+-----+-----+---------+
    |  403|  403|  403|  403|   none  |
    +-----+-----+-----+-----+---------+

    + Detail: 
        * Instance: 
        N/A

        * Loop: 
        +-----------------------+-----+-----+----------+-----------+-----------+------+----------+
        |                       |  Latency  | Iteration|  Initiation Interval  | Trip |          |
        |       Loop Name       | min | max |  Latency |  achieved |   target  | Count| Pipelined|
        +-----------------------+-----+-----+----------+-----------+-----------+------+----------+
        |- L_maxPoolNxN_label1  |  401|  401|        18|         16|          1|    25|    yes   |
        +-----------------------+-----+-----+----------+-----------+-----------+------+----------+



================================================================
== Utilization Estimates
================================================================
* Summary: 
+-----------------+---------+-------+--------+--------+
|       Name      | BRAM_18K| DSP48E|   FF   |   LUT  |
+-----------------+---------+-------+--------+--------+
|DSP              |        -|      -|       -|       -|
|Expression       |        -|      -|       0|    4058|
|FIFO             |        -|      -|       -|       -|
|Instance         |        -|      0|     264|     288|
|Memory           |        -|      -|       -|       -|
|Multiplexer      |        -|      -|       -|     817|
|Register         |        -|      -|    1681|       -|
+-----------------+---------+-------+--------+--------+
|Total            |        0|      0|    1945|    5163|
+-----------------+---------+-------+--------+--------+
|Available        |     2940|   3600|  866400|  433200|
+-----------------+---------+-------+--------+--------+
|Utilization (%)  |        0|      0|   ~0   |       1|
+-----------------+---------+-------+--------+--------+

+ Detail: 
    * Instance: 
    +-----------------------------------+------------------------------+---------+-------+----+----+
    |              Instance             |            Module            | BRAM_18K| DSP48E| FF | LUT|
    +-----------------------------------+------------------------------+---------+-------+----+----+
    |inference_fcmp_32ns_32ns_1_1_U335  |inference_fcmp_32ns_32ns_1_1  |        0|      0|  66|  72|
    |inference_fcmp_32ns_32ns_1_1_U336  |inference_fcmp_32ns_32ns_1_1  |        0|      0|  66|  72|
    |inference_fcmp_32ns_32ns_1_1_U337  |inference_fcmp_32ns_32ns_1_1  |        0|      0|  66|  72|
    |inference_fcmp_32ns_32ns_1_1_U338  |inference_fcmp_32ns_32ns_1_1  |        0|      0|  66|  72|
    +-----------------------------------+------------------------------+---------+-------+----+----+
    |Total                              |                              |        0|      0| 264| 288|
    +-----------------------------------+------------------------------+---------+-------+----+----+

    * DSP48: 
    N/A

    * Memory: 
    N/A

    * FIFO: 
    N/A

    * Expression: 
    +--------------------------------+----------+-------+---+----+------------+------------+
    |          Variable Name         | Operation| DSP48E| FF| LUT| Bitwidth P0| Bitwidth P1|
    +--------------------------------+----------+-------+---+----+------------+------------+
    |in_c_idx_1_fu_1969_p2           |     +    |      0|  0|   4|           4|           2|
    |in_r_idx_1_fu_1829_p2           |     +    |      0|  0|   4|           2|           4|
    |indvar_flatten_next_fu_1823_p2  |     +    |      0|  0|   5|           5|           1|
    |tmp_4_fu_1951_p2                |     +    |      0|  0|   3|           7|           7|
    |tmp_5_fu_1883_p2                |     +    |      0|  0|   3|           7|           7|
    |tmp_7_fu_1911_p2                |     +    |      0|  0|   3|           7|           7|
    |tmp_8_fu_1931_p2                |     +    |      0|  0|   3|           7|           7|
    |in_c_idx_mid2_fu_1841_p3        |  Select  |      0|  0|   4|           1|           4|
    |in_r_idx_mid2_fu_1849_p3        |  Select  |      0|  0|   4|           1|           4|
    |out_2_0_0_1_fu_2202_p3          |  Select  |      0|  0|  32|           1|          32|
    |out_2_0_1_1_fu_4714_p3          |  Select  |      0|  0|  32|           1|          32|
    |out_2_0_1_fu_4319_p3            |  Select  |      0|  0|  32|           1|          32|
    |out_2_10_0_1_fu_3712_p3         |  Select  |      0|  0|  32|           1|          32|
    |out_2_10_1_1_fu_6674_p3         |  Select  |      0|  0|  32|           1|          32|
    |out_2_10_1_fu_6472_p3           |  Select  |      0|  0|  32|           1|          32|
    |out_2_10_fu_3549_p3             |  Select  |      0|  0|  32|           1|          32|
    |out_2_11_0_1_fu_3802_p3         |  Select  |      0|  0|  32|           1|          32|
    |out_2_11_1_1_fu_6769_p3         |  Select  |      0|  0|  32|           1|          32|
    |out_2_11_1_fu_6562_p3           |  Select  |      0|  0|  32|           1|          32|
    |out_2_11_fu_3599_p3             |  Select  |      0|  0|  32|           1|          32|
    |out_2_12_0_1_fu_4017_p3         |  Select  |      0|  0|  32|           1|          32|
    |out_2_12_1_1_fu_7044_p3         |  Select  |      0|  0|  32|           1|          32|
    |out_2_12_1_fu_6864_p3           |  Select  |      0|  0|  32|           1|          32|
    |out_2_12_fu_3851_p3             |  Select  |      0|  0|  32|           1|          32|
    |out_2_13_0_1_fu_4107_p3         |  Select  |      0|  0|  32|           1|          32|
    |out_2_13_1_1_fu_7139_p3         |  Select  |      0|  0|  32|           1|          32|
    |out_2_13_1_fu_6954_p3           |  Select  |      0|  0|  32|           1|          32|
    |out_2_13_fu_3901_p3             |  Select  |      0|  0|  32|           1|          32|
    |out_2_14_0_1_fu_4499_p3         |  Select  |      0|  0|  32|           1|          32|
    |out_2_14_1_1_fu_7414_p3         |  Select  |      0|  0|  32|           1|          32|
    |out_2_14_1_fu_7234_p3           |  Select  |      0|  0|  32|           1|          32|
    |out_2_14_fu_4156_p3             |  Select  |      0|  0|  32|           1|          32|
    |out_2_15_0_1_fu_4589_p3         |  Select  |      0|  0|  32|           1|          32|
    |out_2_15_1_1_fu_7509_p3         |  Select  |      0|  0|  32|           1|          32|
    |out_2_15_1_fu_7324_p3           |  Select  |      0|  0|  32|           1|          32|
    |out_2_15_fu_4206_p3             |  Select  |      0|  0|  32|           1|          32|
    |out_2_1_0_1_fu_2292_p3          |  Select  |      0|  0|  32|           1|          32|
    |out_2_1_1_1_fu_4809_p3          |  Select  |      0|  0|  32|           1|          32|
    |out_2_1_1_fu_4409_p3            |  Select  |      0|  0|  32|           1|          32|
    |out_2_1_fu_2089_p3              |  Select  |      0|  0|  32|           1|          32|
    |out_2_2_0_1_fu_2504_p3          |  Select  |      0|  0|  32|           1|          32|
    |out_2_2_1_1_fu_5106_p3          |  Select  |      0|  0|  32|           1|          32|
    |out_2_2_1_fu_4904_p3            |  Select  |      0|  0|  32|           1|          32|
    |out_2_2_fu_2341_p3              |  Select  |      0|  0|  32|           1|          32|
    |out_2_3_0_1_fu_2594_p3          |  Select  |      0|  0|  32|           1|          32|
    |out_2_3_1_1_fu_5201_p3          |  Select  |      0|  0|  32|           1|          32|
    |out_2_3_1_fu_4994_p3            |  Select  |      0|  0|  32|           1|          32|
    |out_2_3_fu_2391_p3              |  Select  |      0|  0|  32|           1|          32|
    |out_2_4_0_1_fu_2806_p3          |  Select  |      0|  0|  32|           1|          32|
    |out_2_4_1_1_fu_5498_p3          |  Select  |      0|  0|  32|           1|          32|
    |out_2_4_1_fu_5296_p3            |  Select  |      0|  0|  32|           1|          32|
    |out_2_4_fu_2643_p3              |  Select  |      0|  0|  32|           1|          32|
    |out_2_5_0_1_fu_2896_p3          |  Select  |      0|  0|  32|           1|          32|
    |out_2_5_1_1_fu_5593_p3          |  Select  |      0|  0|  32|           1|          32|
    |out_2_5_1_fu_5386_p3            |  Select  |      0|  0|  32|           1|          32|
    |out_2_5_fu_2693_p3              |  Select  |      0|  0|  32|           1|          32|
    |out_2_6_0_1_fu_3108_p3          |  Select  |      0|  0|  32|           1|          32|
    |out_2_6_1_1_fu_5890_p3          |  Select  |      0|  0|  32|           1|          32|
    |out_2_6_1_fu_5688_p3            |  Select  |      0|  0|  32|           1|          32|
    |out_2_6_fu_2945_p3              |  Select  |      0|  0|  32|           1|          32|
    |out_2_7_0_1_fu_3198_p3          |  Select  |      0|  0|  32|           1|          32|
    |out_2_7_1_1_fu_5985_p3          |  Select  |      0|  0|  32|           1|          32|
    |out_2_7_1_fu_5778_p3            |  Select  |      0|  0|  32|           1|          32|
    |out_2_7_fu_2995_p3              |  Select  |      0|  0|  32|           1|          32|
    |out_2_8_0_1_fu_3410_p3          |  Select  |      0|  0|  32|           1|          32|
    |out_2_8_1_1_fu_6282_p3          |  Select  |      0|  0|  32|           1|          32|
    |out_2_8_1_fu_6080_p3            |  Select  |      0|  0|  32|           1|          32|
    |out_2_8_fu_3247_p3              |  Select  |      0|  0|  32|           1|          32|
    |out_2_9_0_1_fu_3500_p3          |  Select  |      0|  0|  32|           1|          32|
    |out_2_9_1_1_fu_6377_p3          |  Select  |      0|  0|  32|           1|          32|
    |out_2_9_1_fu_6170_p3            |  Select  |      0|  0|  32|           1|          32|
    |out_2_9_fu_3297_p3              |  Select  |      0|  0|  32|           1|          32|
    |out_2_fu_2039_p3                |  Select  |      0|  0|  32|           1|          32|
    |tmp_101_fu_4797_p2              |    and   |      0|  0|   1|           1|           1|
    |tmp_104_fu_4803_p2              |    and   |      0|  0|   1|           1|           1|
    |tmp_108_fu_2335_p2              |    and   |      0|  0|   1|           1|           1|
    |tmp_115_fu_2492_p2              |    and   |      0|  0|   1|           1|           1|
    |tmp_118_fu_2498_p2              |    and   |      0|  0|   1|           1|           1|
    |tmp_124_fu_4892_p2              |    and   |      0|  0|   1|           1|           1|
    |tmp_127_fu_4898_p2              |    and   |      0|  0|   1|           1|           1|
    |tmp_133_fu_5094_p2              |    and   |      0|  0|   1|           1|           1|
    |tmp_136_fu_5100_p2              |    and   |      0|  0|   1|           1|           1|
    |tmp_140_fu_2385_p2              |    and   |      0|  0|   1|           1|           1|
    |tmp_147_fu_2582_p2              |    and   |      0|  0|   1|           1|           1|
    |tmp_150_fu_2588_p2              |    and   |      0|  0|   1|           1|           1|
    |tmp_156_fu_4982_p2              |    and   |      0|  0|   1|           1|           1|
    |tmp_159_fu_4988_p2              |    and   |      0|  0|   1|           1|           1|
    |tmp_165_fu_5189_p2              |    and   |      0|  0|   1|           1|           1|
    |tmp_168_fu_5195_p2              |    and   |      0|  0|   1|           1|           1|
    |tmp_172_fu_2637_p2              |    and   |      0|  0|   1|           1|           1|
    |tmp_179_fu_2794_p2              |    and   |      0|  0|   1|           1|           1|
    |tmp_182_fu_2800_p2              |    and   |      0|  0|   1|           1|           1|
    |tmp_188_fu_5284_p2              |    and   |      0|  0|   1|           1|           1|
    |tmp_191_fu_5290_p2              |    and   |      0|  0|   1|           1|           1|
    |tmp_197_fu_5486_p2              |    and   |      0|  0|   1|           1|           1|
    |tmp_200_fu_5492_p2              |    and   |      0|  0|   1|           1|           1|
    |tmp_204_fu_2687_p2              |    and   |      0|  0|   1|           1|           1|
    |tmp_211_fu_2884_p2              |    and   |      0|  0|   1|           1|           1|
    |tmp_214_fu_2890_p2              |    and   |      0|  0|   1|           1|           1|
    |tmp_220_fu_5374_p2              |    and   |      0|  0|   1|           1|           1|
    |tmp_223_fu_5380_p2              |    and   |      0|  0|   1|           1|           1|
    |tmp_229_fu_5581_p2              |    and   |      0|  0|   1|           1|           1|
    |tmp_232_fu_5587_p2              |    and   |      0|  0|   1|           1|           1|
    |tmp_236_fu_2939_p2              |    and   |      0|  0|   1|           1|           1|
    |tmp_243_fu_3096_p2              |    and   |      0|  0|   1|           1|           1|
    |tmp_246_fu_3102_p2              |    and   |      0|  0|   1|           1|           1|
    |tmp_252_fu_5676_p2              |    and   |      0|  0|   1|           1|           1|
    |tmp_255_fu_5682_p2              |    and   |      0|  0|   1|           1|           1|
    |tmp_261_fu_5878_p2              |    and   |      0|  0|   1|           1|           1|
    |tmp_264_fu_5884_p2              |    and   |      0|  0|   1|           1|           1|
    |tmp_268_fu_2989_p2              |    and   |      0|  0|   1|           1|           1|
    |tmp_275_fu_3186_p2              |    and   |      0|  0|   1|           1|           1|
    |tmp_278_fu_3192_p2              |    and   |      0|  0|   1|           1|           1|
    |tmp_284_fu_5766_p2              |    and   |      0|  0|   1|           1|           1|
    |tmp_287_fu_5772_p2              |    and   |      0|  0|   1|           1|           1|
    |tmp_293_fu_5973_p2              |    and   |      0|  0|   1|           1|           1|
    |tmp_296_fu_5979_p2              |    and   |      0|  0|   1|           1|           1|
    |tmp_300_fu_3241_p2              |    and   |      0|  0|   1|           1|           1|
    |tmp_307_fu_3398_p2              |    and   |      0|  0|   1|           1|           1|
    |tmp_310_fu_3404_p2              |    and   |      0|  0|   1|           1|           1|
    |tmp_316_fu_6068_p2              |    and   |      0|  0|   1|           1|           1|
    |tmp_319_fu_6074_p2              |    and   |      0|  0|   1|           1|           1|
    |tmp_325_fu_6270_p2              |    and   |      0|  0|   1|           1|           1|
    |tmp_328_fu_6276_p2              |    and   |      0|  0|   1|           1|           1|
    |tmp_332_fu_3291_p2              |    and   |      0|  0|   1|           1|           1|
    |tmp_339_fu_3488_p2              |    and   |      0|  0|   1|           1|           1|
    |tmp_342_fu_3494_p2              |    and   |      0|  0|   1|           1|           1|
    |tmp_348_fu_6158_p2              |    and   |      0|  0|   1|           1|           1|
    |tmp_351_fu_6164_p2              |    and   |      0|  0|   1|           1|           1|
    |tmp_357_fu_6365_p2              |    and   |      0|  0|   1|           1|           1|
    |tmp_360_fu_6371_p2              |    and   |      0|  0|   1|           1|           1|
    |tmp_364_fu_3543_p2              |    and   |      0|  0|   1|           1|           1|
    |tmp_371_fu_3700_p2              |    and   |      0|  0|   1|           1|           1|
    |tmp_374_fu_3706_p2              |    and   |      0|  0|   1|           1|           1|
    |tmp_380_fu_6460_p2              |    and   |      0|  0|   1|           1|           1|
    |tmp_383_fu_6466_p2              |    and   |      0|  0|   1|           1|           1|
    |tmp_389_fu_6662_p2              |    and   |      0|  0|   1|           1|           1|
    |tmp_392_fu_6668_p2              |    and   |      0|  0|   1|           1|           1|
    |tmp_396_fu_3593_p2              |    and   |      0|  0|   1|           1|           1|
    |tmp_403_fu_3790_p2              |    and   |      0|  0|   1|           1|           1|
    |tmp_406_fu_3796_p2              |    and   |      0|  0|   1|           1|           1|
    |tmp_412_fu_6550_p2              |    and   |      0|  0|   1|           1|           1|
    |tmp_415_fu_6556_p2              |    and   |      0|  0|   1|           1|           1|
    |tmp_421_fu_6757_p2              |    and   |      0|  0|   1|           1|           1|
    |tmp_424_fu_6763_p2              |    and   |      0|  0|   1|           1|           1|
    |tmp_428_fu_3845_p2              |    and   |      0|  0|   1|           1|           1|
    |tmp_435_fu_4005_p2              |    and   |      0|  0|   1|           1|           1|
    |tmp_438_fu_4011_p2              |    and   |      0|  0|   1|           1|           1|
    |tmp_444_fu_6852_p2              |    and   |      0|  0|   1|           1|           1|
    |tmp_447_fu_6858_p2              |    and   |      0|  0|   1|           1|           1|
    |tmp_44_fu_2033_p2               |    and   |      0|  0|   1|           1|           1|
    |tmp_453_fu_7032_p2              |    and   |      0|  0|   1|           1|           1|
    |tmp_456_fu_7038_p2              |    and   |      0|  0|   1|           1|           1|
    |tmp_460_fu_3895_p2              |    and   |      0|  0|   1|           1|           1|
    |tmp_467_fu_4095_p2              |    and   |      0|  0|   1|           1|           1|
    |tmp_470_fu_4101_p2              |    and   |      0|  0|   1|           1|           1|
    |tmp_476_fu_6942_p2              |    and   |      0|  0|   1|           1|           1|
    |tmp_479_fu_6948_p2              |    and   |      0|  0|   1|           1|           1|
    |tmp_485_fu_7127_p2              |    and   |      0|  0|   1|           1|           1|
    |tmp_488_fu_7133_p2              |    and   |      0|  0|   1|           1|           1|
    |tmp_492_fu_4150_p2              |    and   |      0|  0|   1|           1|           1|
    |tmp_499_fu_4487_p2              |    and   |      0|  0|   1|           1|           1|
    |tmp_502_fu_4493_p2              |    and   |      0|  0|   1|           1|           1|
    |tmp_508_fu_7222_p2              |    and   |      0|  0|   1|           1|           1|
    |tmp_511_fu_7228_p2              |    and   |      0|  0|   1|           1|           1|
    |tmp_517_fu_7402_p2              |    and   |      0|  0|   1|           1|           1|
    |tmp_51_fu_2190_p2               |    and   |      0|  0|   1|           1|           1|
    |tmp_520_fu_7408_p2              |    and   |      0|  0|   1|           1|           1|
    |tmp_524_fu_4200_p2              |    and   |      0|  0|   1|           1|           1|
    |tmp_531_fu_4577_p2              |    and   |      0|  0|   1|           1|           1|
    |tmp_534_fu_4583_p2              |    and   |      0|  0|   1|           1|           1|
    |tmp_540_fu_7312_p2              |    and   |      0|  0|   1|           1|           1|
    |tmp_543_fu_7318_p2              |    and   |      0|  0|   1|           1|           1|
    |tmp_549_fu_7497_p2              |    and   |      0|  0|   1|           1|           1|
    |tmp_54_fu_2196_p2               |    and   |      0|  0|   1|           1|           1|
    |tmp_552_fu_7503_p2              |    and   |      0|  0|   1|           1|           1|
    |tmp_60_fu_4307_p2               |    and   |      0|  0|   1|           1|           1|
    |tmp_63_fu_4313_p2               |    and   |      0|  0|   1|           1|           1|
    |tmp_69_fu_4702_p2               |    and   |      0|  0|   1|           1|           1|
    |tmp_72_fu_4708_p2               |    and   |      0|  0|   1|           1|           1|
    |tmp_76_fu_2083_p2               |    and   |      0|  0|   1|           1|           1|
    |tmp_83_fu_2280_p2               |    and   |      0|  0|   1|           1|           1|
    |tmp_86_fu_2286_p2               |    and   |      0|  0|   1|           1|           1|
    |tmp_92_fu_4397_p2               |    and   |      0|  0|   1|           1|           1|
    |tmp_95_fu_4403_p2               |    and   |      0|  0|   1|           1|           1|
    |exitcond_flatten_fu_1817_p2     |   icmp   |      0|  0|   2|           5|           4|
    |notlhs100_fu_4469_p2            |   icmp   |      0|  0|   3|           8|           2|
    |notlhs101_fu_7186_p2            |   icmp   |      0|  0|   3|           8|           2|
    |notlhs102_fu_7204_p2            |   icmp   |      0|  0|   3|           8|           2|
    |notlhs103_fu_7366_p2            |   icmp   |      0|  0|   3|           8|           2|
    |notlhs104_fu_7384_p2            |   icmp   |      0|  0|   3|           8|           2|
    |notlhs105_fu_4182_p2            |   icmp   |      0|  0|   3|           8|           2|
    |notlhs106_fu_4541_p2            |   icmp   |      0|  0|   3|           8|           2|
    |notlhs107_fu_4559_p2            |   icmp   |      0|  0|   3|           8|           2|
    |notlhs108_fu_7276_p2            |   icmp   |      0|  0|   3|           8|           2|
    |notlhs109_fu_7294_p2            |   icmp   |      0|  0|   3|           8|           2|
    |notlhs10_fu_4361_p2             |   icmp   |      0|  0|   3|           8|           2|
    |notlhs110_fu_7461_p2            |   icmp   |      0|  0|   3|           8|           2|
    |notlhs111_fu_7479_p2            |   icmp   |      0|  0|   3|           8|           2|
    |notlhs11_fu_4379_p2             |   icmp   |      0|  0|   3|           8|           2|
    |notlhs12_fu_4761_p2             |   icmp   |      0|  0|   3|           8|           2|
    |notlhs13_fu_4779_p2             |   icmp   |      0|  0|   3|           8|           2|
    |notlhs14_fu_2317_p2             |   icmp   |      0|  0|   3|           8|           2|
    |notlhs15_fu_2456_p2             |   icmp   |      0|  0|   3|           8|           2|
    |notlhs16_fu_2474_p2             |   icmp   |      0|  0|   3|           8|           2|
    |notlhs17_fu_4856_p2             |   icmp   |      0|  0|   3|           8|           2|
    |notlhs18_fu_4874_p2             |   icmp   |      0|  0|   3|           8|           2|
    |notlhs19_fu_5058_p2             |   icmp   |      0|  0|   3|           8|           2|
    |notlhs1_fu_2154_p2              |   icmp   |      0|  0|   3|           8|           2|
    |notlhs20_fu_5076_p2             |   icmp   |      0|  0|   3|           8|           2|
    |notlhs21_fu_2367_p2             |   icmp   |      0|  0|   3|           8|           2|
    |notlhs22_fu_2546_p2             |   icmp   |      0|  0|   3|           8|           2|
    |notlhs23_fu_2564_p2             |   icmp   |      0|  0|   3|           8|           2|
    |notlhs24_fu_4946_p2             |   icmp   |      0|  0|   3|           8|           2|
    |notlhs25_fu_4964_p2             |   icmp   |      0|  0|   3|           8|           2|
    |notlhs26_fu_5153_p2             |   icmp   |      0|  0|   3|           8|           2|
    |notlhs27_fu_5171_p2             |   icmp   |      0|  0|   3|           8|           2|
    |notlhs28_fu_2619_p2             |   icmp   |      0|  0|   3|           8|           2|
    |notlhs29_fu_2758_p2             |   icmp   |      0|  0|   3|           8|           2|
    |notlhs2_fu_2172_p2              |   icmp   |      0|  0|   3|           8|           2|
    |notlhs30_fu_2776_p2             |   icmp   |      0|  0|   3|           8|           2|
    |notlhs31_fu_5248_p2             |   icmp   |      0|  0|   3|           8|           2|
    |notlhs32_fu_5266_p2             |   icmp   |      0|  0|   3|           8|           2|
    |notlhs33_fu_5450_p2             |   icmp   |      0|  0|   3|           8|           2|
    |notlhs34_fu_5468_p2             |   icmp   |      0|  0|   3|           8|           2|
    |notlhs35_fu_2669_p2             |   icmp   |      0|  0|   3|           8|           2|
    |notlhs36_fu_2848_p2             |   icmp   |      0|  0|   3|           8|           2|
    |notlhs37_fu_2866_p2             |   icmp   |      0|  0|   3|           8|           2|
    |notlhs38_fu_5338_p2             |   icmp   |      0|  0|   3|           8|           2|
    |notlhs39_fu_5356_p2             |   icmp   |      0|  0|   3|           8|           2|
    |notlhs3_fu_4271_p2              |   icmp   |      0|  0|   3|           8|           2|
    |notlhs40_fu_5545_p2             |   icmp   |      0|  0|   3|           8|           2|
    |notlhs41_fu_5563_p2             |   icmp   |      0|  0|   3|           8|           2|
    |notlhs42_fu_2921_p2             |   icmp   |      0|  0|   3|           8|           2|
    |notlhs43_fu_3060_p2             |   icmp   |      0|  0|   3|           8|           2|
    |notlhs44_fu_3078_p2             |   icmp   |      0|  0|   3|           8|           2|
    |notlhs45_fu_5640_p2             |   icmp   |      0|  0|   3|           8|           2|
    |notlhs46_fu_5658_p2             |   icmp   |      0|  0|   3|           8|           2|
    |notlhs47_fu_5842_p2             |   icmp   |      0|  0|   3|           8|           2|
    |notlhs48_fu_5860_p2             |   icmp   |      0|  0|   3|           8|           2|
    |notlhs49_fu_2971_p2             |   icmp   |      0|  0|   3|           8|           2|
    |notlhs4_fu_4289_p2              |   icmp   |      0|  0|   3|           8|           2|
    |notlhs50_fu_3150_p2             |   icmp   |      0|  0|   3|           8|           2|
    |notlhs51_fu_3168_p2             |   icmp   |      0|  0|   3|           8|           2|
    |notlhs52_fu_5730_p2             |   icmp   |      0|  0|   3|           8|           2|
    |notlhs53_fu_5748_p2             |   icmp   |      0|  0|   3|           8|           2|
    |notlhs54_fu_5937_p2             |   icmp   |      0|  0|   3|           8|           2|
    |notlhs55_fu_5955_p2             |   icmp   |      0|  0|   3|           8|           2|
    |notlhs56_fu_3223_p2             |   icmp   |      0|  0|   3|           8|           2|
    |notlhs57_fu_3362_p2             |   icmp   |      0|  0|   3|           8|           2|
    |notlhs58_fu_3380_p2             |   icmp   |      0|  0|   3|           8|           2|
    |notlhs59_fu_6032_p2             |   icmp   |      0|  0|   3|           8|           2|
    |notlhs5_fu_4666_p2              |   icmp   |      0|  0|   3|           8|           2|
    |notlhs60_fu_6050_p2             |   icmp   |      0|  0|   3|           8|           2|
    |notlhs61_fu_6234_p2             |   icmp   |      0|  0|   3|           8|           2|
    |notlhs62_fu_6252_p2             |   icmp   |      0|  0|   3|           8|           2|
    |notlhs63_fu_3273_p2             |   icmp   |      0|  0|   3|           8|           2|
    |notlhs64_fu_3452_p2             |   icmp   |      0|  0|   3|           8|           2|
    |notlhs65_fu_3470_p2             |   icmp   |      0|  0|   3|           8|           2|
    |notlhs66_fu_6122_p2             |   icmp   |      0|  0|   3|           8|           2|
    |notlhs67_fu_6140_p2             |   icmp   |      0|  0|   3|           8|           2|
    |notlhs68_fu_6329_p2             |   icmp   |      0|  0|   3|           8|           2|
    |notlhs69_fu_6347_p2             |   icmp   |      0|  0|   3|           8|           2|
    |notlhs6_fu_4684_p2              |   icmp   |      0|  0|   3|           8|           2|
    |notlhs70_fu_3525_p2             |   icmp   |      0|  0|   3|           8|           2|
    |notlhs71_fu_3664_p2             |   icmp   |      0|  0|   3|           8|           2|
    |notlhs72_fu_3682_p2             |   icmp   |      0|  0|   3|           8|           2|
    |notlhs73_fu_6424_p2             |   icmp   |      0|  0|   3|           8|           2|
    |notlhs74_fu_6442_p2             |   icmp   |      0|  0|   3|           8|           2|
    |notlhs75_fu_6626_p2             |   icmp   |      0|  0|   3|           8|           2|
    |notlhs76_fu_6644_p2             |   icmp   |      0|  0|   3|           8|           2|
    |notlhs77_fu_3575_p2             |   icmp   |      0|  0|   3|           8|           2|
    |notlhs78_fu_3754_p2             |   icmp   |      0|  0|   3|           8|           2|
    |notlhs79_fu_3772_p2             |   icmp   |      0|  0|   3|           8|           2|
    |notlhs7_fu_2065_p2              |   icmp   |      0|  0|   3|           8|           2|
    |notlhs80_fu_6514_p2             |   icmp   |      0|  0|   3|           8|           2|
    |notlhs81_fu_6532_p2             |   icmp   |      0|  0|   3|           8|           2|
    |notlhs82_fu_6721_p2             |   icmp   |      0|  0|   3|           8|           2|
    |notlhs83_fu_6739_p2             |   icmp   |      0|  0|   3|           8|           2|
    |notlhs84_fu_3827_p2             |   icmp   |      0|  0|   3|           8|           2|
    |notlhs85_fu_3969_p2             |   icmp   |      0|  0|   3|           8|           2|
    |notlhs86_fu_3987_p2             |   icmp   |      0|  0|   3|           8|           2|
    |notlhs87_fu_6816_p2             |   icmp   |      0|  0|   3|           8|           2|
    |notlhs88_fu_6834_p2             |   icmp   |      0|  0|   3|           8|           2|
    |notlhs89_fu_6996_p2             |   icmp   |      0|  0|   3|           8|           2|
    |notlhs8_fu_2244_p2              |   icmp   |      0|  0|   3|           8|           2|
    |notlhs90_fu_7014_p2             |   icmp   |      0|  0|   3|           8|           2|
    |notlhs91_fu_3877_p2             |   icmp   |      0|  0|   3|           8|           2|
    |notlhs92_fu_4059_p2             |   icmp   |      0|  0|   3|           8|           2|
    |notlhs93_fu_4077_p2             |   icmp   |      0|  0|   3|           8|           2|
    |notlhs94_fu_6906_p2             |   icmp   |      0|  0|   3|           8|           2|
    |notlhs95_fu_6924_p2             |   icmp   |      0|  0|   3|           8|           2|
    |notlhs96_fu_7091_p2             |   icmp   |      0|  0|   3|           8|           2|
    |notlhs97_fu_7109_p2             |   icmp   |      0|  0|   3|           8|           2|
    |notlhs98_fu_4132_p2             |   icmp   |      0|  0|   3|           8|           2|
    |notlhs99_fu_4451_p2             |   icmp   |      0|  0|   3|           8|           2|
    |notlhs9_fu_2262_p2              |   icmp   |      0|  0|   3|           8|           2|
    |notlhs_fu_2015_p2               |   icmp   |      0|  0|   3|           8|           2|
    |notrhs100_fu_4475_p2            |   icmp   |      0|  0|   8|          23|           1|
    |notrhs101_fu_7192_p2            |   icmp   |      0|  0|   8|          23|           1|
    |notrhs102_fu_7210_p2            |   icmp   |      0|  0|   8|          23|           1|
    |notrhs103_fu_7372_p2            |   icmp   |      0|  0|   8|          23|           1|
    |notrhs104_fu_7390_p2            |   icmp   |      0|  0|   8|          23|           1|
    |notrhs105_fu_4188_p2            |   icmp   |      0|  0|   8|          23|           1|
    |notrhs106_fu_4547_p2            |   icmp   |      0|  0|   8|          23|           1|
    |notrhs107_fu_4565_p2            |   icmp   |      0|  0|   8|          23|           1|
    |notrhs108_fu_7282_p2            |   icmp   |      0|  0|   8|          23|           1|
    |notrhs109_fu_7300_p2            |   icmp   |      0|  0|   8|          23|           1|
    |notrhs10_fu_4367_p2             |   icmp   |      0|  0|   8|          23|           1|
    |notrhs110_fu_7467_p2            |   icmp   |      0|  0|   8|          23|           1|
    |notrhs111_fu_7485_p2            |   icmp   |      0|  0|   8|          23|           1|
    |notrhs11_fu_4385_p2             |   icmp   |      0|  0|   8|          23|           1|
    |notrhs12_fu_4767_p2             |   icmp   |      0|  0|   8|          23|           1|
    |notrhs13_fu_4785_p2             |   icmp   |      0|  0|   8|          23|           1|
    |notrhs14_fu_2323_p2             |   icmp   |      0|  0|   8|          23|           1|
    |notrhs15_fu_2462_p2             |   icmp   |      0|  0|   8|          23|           1|
    |notrhs16_fu_2480_p2             |   icmp   |      0|  0|   8|          23|           1|
    |notrhs17_fu_4862_p2             |   icmp   |      0|  0|   8|          23|           1|
    |notrhs18_fu_4880_p2             |   icmp   |      0|  0|   8|          23|           1|
    |notrhs19_fu_5064_p2             |   icmp   |      0|  0|   8|          23|           1|
    |notrhs1_fu_2160_p2              |   icmp   |      0|  0|   8|          23|           1|
    |notrhs20_fu_5082_p2             |   icmp   |      0|  0|   8|          23|           1|
    |notrhs21_fu_2373_p2             |   icmp   |      0|  0|   8|          23|           1|
    |notrhs22_fu_2552_p2             |   icmp   |      0|  0|   8|          23|           1|
    |notrhs23_fu_2570_p2             |   icmp   |      0|  0|   8|          23|           1|
    |notrhs24_fu_4952_p2             |   icmp   |      0|  0|   8|          23|           1|
    |notrhs25_fu_4970_p2             |   icmp   |      0|  0|   8|          23|           1|
    |notrhs26_fu_5159_p2             |   icmp   |      0|  0|   8|          23|           1|
    |notrhs27_fu_5177_p2             |   icmp   |      0|  0|   8|          23|           1|
    |notrhs28_fu_2625_p2             |   icmp   |      0|  0|   8|          23|           1|
    |notrhs29_fu_2764_p2             |   icmp   |      0|  0|   8|          23|           1|
    |notrhs2_fu_2178_p2              |   icmp   |      0|  0|   8|          23|           1|
    |notrhs30_fu_2782_p2             |   icmp   |      0|  0|   8|          23|           1|
    |notrhs31_fu_5254_p2             |   icmp   |      0|  0|   8|          23|           1|
    |notrhs32_fu_5272_p2             |   icmp   |      0|  0|   8|          23|           1|
    |notrhs33_fu_5456_p2             |   icmp   |      0|  0|   8|          23|           1|
    |notrhs34_fu_5474_p2             |   icmp   |      0|  0|   8|          23|           1|
    |notrhs35_fu_2675_p2             |   icmp   |      0|  0|   8|          23|           1|
    |notrhs36_fu_2854_p2             |   icmp   |      0|  0|   8|          23|           1|
    |notrhs37_fu_2872_p2             |   icmp   |      0|  0|   8|          23|           1|
    |notrhs38_fu_5344_p2             |   icmp   |      0|  0|   8|          23|           1|
    |notrhs39_fu_5362_p2             |   icmp   |      0|  0|   8|          23|           1|
    |notrhs3_fu_4277_p2              |   icmp   |      0|  0|   8|          23|           1|
    |notrhs40_fu_5551_p2             |   icmp   |      0|  0|   8|          23|           1|
    |notrhs41_fu_5569_p2             |   icmp   |      0|  0|   8|          23|           1|
    |notrhs42_fu_2927_p2             |   icmp   |      0|  0|   8|          23|           1|
    |notrhs43_fu_3066_p2             |   icmp   |      0|  0|   8|          23|           1|
    |notrhs44_fu_3084_p2             |   icmp   |      0|  0|   8|          23|           1|
    |notrhs45_fu_5646_p2             |   icmp   |      0|  0|   8|          23|           1|
    |notrhs46_fu_5664_p2             |   icmp   |      0|  0|   8|          23|           1|
    |notrhs47_fu_5848_p2             |   icmp   |      0|  0|   8|          23|           1|
    |notrhs48_fu_5866_p2             |   icmp   |      0|  0|   8|          23|           1|
    |notrhs49_fu_2977_p2             |   icmp   |      0|  0|   8|          23|           1|
    |notrhs4_fu_4295_p2              |   icmp   |      0|  0|   8|          23|           1|
    |notrhs50_fu_3156_p2             |   icmp   |      0|  0|   8|          23|           1|
    |notrhs51_fu_3174_p2             |   icmp   |      0|  0|   8|          23|           1|
    |notrhs52_fu_5736_p2             |   icmp   |      0|  0|   8|          23|           1|
    |notrhs53_fu_5754_p2             |   icmp   |      0|  0|   8|          23|           1|
    |notrhs54_fu_5943_p2             |   icmp   |      0|  0|   8|          23|           1|
    |notrhs55_fu_5961_p2             |   icmp   |      0|  0|   8|          23|           1|
    |notrhs56_fu_3229_p2             |   icmp   |      0|  0|   8|          23|           1|
    |notrhs57_fu_3368_p2             |   icmp   |      0|  0|   8|          23|           1|
    |notrhs58_fu_3386_p2             |   icmp   |      0|  0|   8|          23|           1|
    |notrhs59_fu_6038_p2             |   icmp   |      0|  0|   8|          23|           1|
    |notrhs5_fu_4672_p2              |   icmp   |      0|  0|   8|          23|           1|
    |notrhs60_fu_6056_p2             |   icmp   |      0|  0|   8|          23|           1|
    |notrhs61_fu_6240_p2             |   icmp   |      0|  0|   8|          23|           1|
    |notrhs62_fu_6258_p2             |   icmp   |      0|  0|   8|          23|           1|
    |notrhs63_fu_3279_p2             |   icmp   |      0|  0|   8|          23|           1|
    |notrhs64_fu_3458_p2             |   icmp   |      0|  0|   8|          23|           1|
    |notrhs65_fu_3476_p2             |   icmp   |      0|  0|   8|          23|           1|
    |notrhs66_fu_6128_p2             |   icmp   |      0|  0|   8|          23|           1|
    |notrhs67_fu_6146_p2             |   icmp   |      0|  0|   8|          23|           1|
    |notrhs68_fu_6335_p2             |   icmp   |      0|  0|   8|          23|           1|
    |notrhs69_fu_6353_p2             |   icmp   |      0|  0|   8|          23|           1|
    |notrhs6_fu_4690_p2              |   icmp   |      0|  0|   8|          23|           1|
    |notrhs70_fu_3531_p2             |   icmp   |      0|  0|   8|          23|           1|
    |notrhs71_fu_3670_p2             |   icmp   |      0|  0|   8|          23|           1|
    |notrhs72_fu_3688_p2             |   icmp   |      0|  0|   8|          23|           1|
    |notrhs73_fu_6430_p2             |   icmp   |      0|  0|   8|          23|           1|
    |notrhs74_fu_6448_p2             |   icmp   |      0|  0|   8|          23|           1|
    |notrhs75_fu_6632_p2             |   icmp   |      0|  0|   8|          23|           1|
    |notrhs76_fu_6650_p2             |   icmp   |      0|  0|   8|          23|           1|
    |notrhs77_fu_3581_p2             |   icmp   |      0|  0|   8|          23|           1|
    |notrhs78_fu_3760_p2             |   icmp   |      0|  0|   8|          23|           1|
    |notrhs79_fu_3778_p2             |   icmp   |      0|  0|   8|          23|           1|
    |notrhs7_fu_2071_p2              |   icmp   |      0|  0|   8|          23|           1|
    |notrhs80_fu_6520_p2             |   icmp   |      0|  0|   8|          23|           1|
    |notrhs81_fu_6538_p2             |   icmp   |      0|  0|   8|          23|           1|
    |notrhs82_fu_6727_p2             |   icmp   |      0|  0|   8|          23|           1|
    |notrhs83_fu_6745_p2             |   icmp   |      0|  0|   8|          23|           1|
    |notrhs84_fu_3833_p2             |   icmp   |      0|  0|   8|          23|           1|
    |notrhs85_fu_3975_p2             |   icmp   |      0|  0|   8|          23|           1|
    |notrhs86_fu_3993_p2             |   icmp   |      0|  0|   8|          23|           1|
    |notrhs87_fu_6822_p2             |   icmp   |      0|  0|   8|          23|           1|
    |notrhs88_fu_6840_p2             |   icmp   |      0|  0|   8|          23|           1|
    |notrhs89_fu_7002_p2             |   icmp   |      0|  0|   8|          23|           1|
    |notrhs8_fu_2250_p2              |   icmp   |      0|  0|   8|          23|           1|
    |notrhs90_fu_7020_p2             |   icmp   |      0|  0|   8|          23|           1|
    |notrhs91_fu_3883_p2             |   icmp   |      0|  0|   8|          23|           1|
    |notrhs92_fu_4065_p2             |   icmp   |      0|  0|   8|          23|           1|
    |notrhs93_fu_4083_p2             |   icmp   |      0|  0|   8|          23|           1|
    |notrhs94_fu_6912_p2             |   icmp   |      0|  0|   8|          23|           1|
    |notrhs95_fu_6930_p2             |   icmp   |      0|  0|   8|          23|           1|
    |notrhs96_fu_7097_p2             |   icmp   |      0|  0|   8|          23|           1|
    |notrhs97_fu_7115_p2             |   icmp   |      0|  0|   8|          23|           1|
    |notrhs98_fu_4138_p2             |   icmp   |      0|  0|   8|          23|           1|
    |notrhs99_fu_4457_p2             |   icmp   |      0|  0|   8|          23|           1|
    |notrhs9_fu_2268_p2              |   icmp   |      0|  0|   8|          23|           1|
    |notrhs_fu_2021_p2               |   icmp   |      0|  0|   8|          23|           1|
    |tmp_1_fu_1835_p2                |   icmp   |      0|  0|   2|           4|           4|
    |ap_sig_bdd_1064                 |    or    |      0|  0|   1|           1|           1|
    |tmp_106_fu_2329_p2              |    or    |      0|  0|   1|           1|           1|
    |tmp_10_fu_1957_p2               |    or    |      0|  0|  17|          11|           1|
    |tmp_112_fu_2468_p2              |    or    |      0|  0|   1|           1|           1|
    |tmp_113_fu_2486_p2              |    or    |      0|  0|   1|           1|           1|
    |tmp_11_fu_3922_p2               |    or    |      0|  0|  17|          11|           1|
    |tmp_121_fu_4868_p2              |    or    |      0|  0|   1|           1|           1|
    |tmp_122_fu_4886_p2              |    or    |      0|  0|   1|           1|           1|
    |tmp_130_fu_5070_p2              |    or    |      0|  0|   1|           1|           1|
    |tmp_131_fu_5088_p2              |    or    |      0|  0|   1|           1|           1|
    |tmp_138_fu_2379_p2              |    or    |      0|  0|   1|           1|           1|
    |tmp_13_fu_1975_p2               |    or    |      0|  0|  17|          11|           2|
    |tmp_144_fu_2558_p2              |    or    |      0|  0|   1|           1|           1|
    |tmp_145_fu_2576_p2              |    or    |      0|  0|   1|           1|           1|
    |tmp_14_fu_4214_p2               |    or    |      0|  0|  17|          11|           2|
    |tmp_153_fu_4958_p2              |    or    |      0|  0|   1|           1|           1|
    |tmp_154_fu_4976_p2              |    or    |      0|  0|   1|           1|           1|
    |tmp_15_fu_1986_p2               |    or    |      0|  0|  17|          11|           2|
    |tmp_162_fu_5165_p2              |    or    |      0|  0|   1|           1|           1|
    |tmp_163_fu_5183_p2              |    or    |      0|  0|   1|           1|           1|
    |tmp_16_fu_4225_p2               |    or    |      0|  0|  17|          11|           2|
    |tmp_170_fu_2631_p2              |    or    |      0|  0|   1|           1|           1|
    |tmp_176_fu_2770_p2              |    or    |      0|  0|   1|           1|           1|
    |tmp_177_fu_2788_p2              |    or    |      0|  0|   1|           1|           1|
    |tmp_17_0_s_fu_1889_p2           |    or    |      0|  0|   4|           4|           1|
    |tmp_17_fu_2097_p2               |    or    |      0|  0|  17|          11|           3|
    |tmp_185_fu_5260_p2              |    or    |      0|  0|   1|           1|           1|
    |tmp_186_fu_5278_p2              |    or    |      0|  0|   1|           1|           1|
    |tmp_18_fu_4609_p2               |    or    |      0|  0|  17|          11|           3|
    |tmp_194_fu_5462_p2              |    or    |      0|  0|   1|           1|           1|
    |tmp_195_fu_5480_p2              |    or    |      0|  0|   1|           1|           1|
    |tmp_19_fu_2108_p2               |    or    |      0|  0|  17|          11|           3|
    |tmp_202_fu_2681_p2              |    or    |      0|  0|   1|           1|           1|
    |tmp_208_fu_2860_p2              |    or    |      0|  0|   1|           1|           1|
    |tmp_209_fu_2878_p2              |    or    |      0|  0|   1|           1|           1|
    |tmp_20_fu_4620_p2               |    or    |      0|  0|  17|          11|           3|
    |tmp_217_fu_5350_p2              |    or    |      0|  0|   1|           1|           1|
    |tmp_218_fu_5368_p2              |    or    |      0|  0|   1|           1|           1|
    |tmp_21_fu_2399_p2               |    or    |      0|  0|  17|          11|           3|
    |tmp_226_fu_5557_p2              |    or    |      0|  0|   1|           1|           1|
    |tmp_227_fu_5575_p2              |    or    |      0|  0|   1|           1|           1|
    |tmp_22_fu_5001_p2               |    or    |      0|  0|  17|          11|           3|
    |tmp_234_fu_2933_p2              |    or    |      0|  0|   1|           1|           1|
    |tmp_23_fu_2410_p2               |    or    |      0|  0|  17|          11|           3|
    |tmp_240_fu_3072_p2              |    or    |      0|  0|   1|           1|           1|
    |tmp_241_fu_3090_p2              |    or    |      0|  0|   1|           1|           1|
    |tmp_249_fu_5652_p2              |    or    |      0|  0|   1|           1|           1|
    |tmp_24_fu_5012_p2               |    or    |      0|  0|  17|          11|           3|
    |tmp_250_fu_5670_p2              |    or    |      0|  0|   1|           1|           1|
    |tmp_258_fu_5854_p2              |    or    |      0|  0|   1|           1|           1|
    |tmp_259_fu_5872_p2              |    or    |      0|  0|   1|           1|           1|
    |tmp_25_fu_2701_p2               |    or    |      0|  0|  17|          11|           4|
    |tmp_266_fu_2983_p2              |    or    |      0|  0|   1|           1|           1|
    |tmp_26_fu_5393_p2               |    or    |      0|  0|  17|          11|           4|
    |tmp_272_fu_3162_p2              |    or    |      0|  0|   1|           1|           1|
    |tmp_273_fu_3180_p2              |    or    |      0|  0|   1|           1|           1|
    |tmp_27_fu_2712_p2               |    or    |      0|  0|  17|          11|           4|
    |tmp_281_fu_5742_p2              |    or    |      0|  0|   1|           1|           1|
    |tmp_282_fu_5760_p2              |    or    |      0|  0|   1|           1|           1|
    |tmp_28_fu_5404_p2               |    or    |      0|  0|  17|          11|           4|
    |tmp_290_fu_5949_p2              |    or    |      0|  0|   1|           1|           1|
    |tmp_291_fu_5967_p2              |    or    |      0|  0|   1|           1|           1|
    |tmp_298_fu_3235_p2              |    or    |      0|  0|   1|           1|           1|
    |tmp_29_fu_3003_p2               |    or    |      0|  0|  17|          11|           4|
    |tmp_304_fu_3374_p2              |    or    |      0|  0|   1|           1|           1|
    |tmp_305_fu_3392_p2              |    or    |      0|  0|   1|           1|           1|
    |tmp_30_fu_5785_p2               |    or    |      0|  0|  17|          11|           4|
    |tmp_313_fu_6044_p2              |    or    |      0|  0|   1|           1|           1|
    |tmp_314_fu_6062_p2              |    or    |      0|  0|   1|           1|           1|
    |tmp_31_fu_3014_p2               |    or    |      0|  0|  17|          11|           4|
    |tmp_322_fu_6246_p2              |    or    |      0|  0|   1|           1|           1|
    |tmp_323_fu_6264_p2              |    or    |      0|  0|   1|           1|           1|
    |tmp_32_fu_5796_p2               |    or    |      0|  0|  17|          11|           4|
    |tmp_330_fu_3285_p2              |    or    |      0|  0|   1|           1|           1|
    |tmp_336_fu_3464_p2              |    or    |      0|  0|   1|           1|           1|
    |tmp_337_fu_3482_p2              |    or    |      0|  0|   1|           1|           1|
    |tmp_33_fu_3305_p2               |    or    |      0|  0|  17|          11|           4|
    |tmp_345_fu_6134_p2              |    or    |      0|  0|   1|           1|           1|
    |tmp_346_fu_6152_p2              |    or    |      0|  0|   1|           1|           1|
    |tmp_34_fu_6177_p2               |    or    |      0|  0|  17|          11|           4|
    |tmp_354_fu_6341_p2              |    or    |      0|  0|   1|           1|           1|
    |tmp_355_fu_6359_p2              |    or    |      0|  0|   1|           1|           1|
    |tmp_35_fu_3316_p2               |    or    |      0|  0|  17|          11|           4|
    |tmp_362_fu_3537_p2              |    or    |      0|  0|   1|           1|           1|
    |tmp_368_fu_3676_p2              |    or    |      0|  0|   1|           1|           1|
    |tmp_369_fu_3694_p2              |    or    |      0|  0|   1|           1|           1|
    |tmp_36_fu_6188_p2               |    or    |      0|  0|  17|          11|           4|
    |tmp_377_fu_6436_p2              |    or    |      0|  0|   1|           1|           1|
    |tmp_378_fu_6454_p2              |    or    |      0|  0|   1|           1|           1|
    |tmp_37_fu_3607_p2               |    or    |      0|  0|  17|          11|           4|
    |tmp_386_fu_6638_p2              |    or    |      0|  0|   1|           1|           1|
    |tmp_387_fu_6656_p2              |    or    |      0|  0|   1|           1|           1|
    |tmp_38_fu_6569_p2               |    or    |      0|  0|  17|          11|           4|
    |tmp_394_fu_3587_p2              |    or    |      0|  0|   1|           1|           1|
    |tmp_39_fu_3618_p2               |    or    |      0|  0|  17|          11|           4|
    |tmp_400_fu_3766_p2              |    or    |      0|  0|   1|           1|           1|
    |tmp_401_fu_3784_p2              |    or    |      0|  0|   1|           1|           1|
    |tmp_409_fu_6526_p2              |    or    |      0|  0|   1|           1|           1|
    |tmp_40_fu_6580_p2               |    or    |      0|  0|  17|          11|           4|
    |tmp_410_fu_6544_p2              |    or    |      0|  0|   1|           1|           1|
    |tmp_418_fu_6733_p2              |    or    |      0|  0|   1|           1|           1|
    |tmp_419_fu_6751_p2              |    or    |      0|  0|   1|           1|           1|
    |tmp_426_fu_3839_p2              |    or    |      0|  0|   1|           1|           1|
    |tmp_42_fu_2027_p2               |    or    |      0|  0|   1|           1|           1|
    |tmp_432_fu_3981_p2              |    or    |      0|  0|   1|           1|           1|
    |tmp_433_fu_3999_p2              |    or    |      0|  0|   1|           1|           1|
    |tmp_441_fu_6828_p2              |    or    |      0|  0|   1|           1|           1|
    |tmp_442_fu_6846_p2              |    or    |      0|  0|   1|           1|           1|
    |tmp_450_fu_7008_p2              |    or    |      0|  0|   1|           1|           1|
    |tmp_451_fu_7026_p2              |    or    |      0|  0|   1|           1|           1|
    |tmp_458_fu_3889_p2              |    or    |      0|  0|   1|           1|           1|
    |tmp_464_fu_4071_p2              |    or    |      0|  0|   1|           1|           1|
    |tmp_465_fu_4089_p2              |    or    |      0|  0|   1|           1|           1|
    |tmp_473_fu_6918_p2              |    or    |      0|  0|   1|           1|           1|
    |tmp_474_fu_6936_p2              |    or    |      0|  0|   1|           1|           1|
    |tmp_482_fu_7103_p2              |    or    |      0|  0|   1|           1|           1|
    |tmp_483_fu_7121_p2              |    or    |      0|  0|   1|           1|           1|
    |tmp_48_fu_2166_p2               |    or    |      0|  0|   1|           1|           1|
    |tmp_490_fu_4144_p2              |    or    |      0|  0|   1|           1|           1|
    |tmp_496_fu_4463_p2              |    or    |      0|  0|   1|           1|           1|
    |tmp_497_fu_4481_p2              |    or    |      0|  0|   1|           1|           1|
    |tmp_49_fu_2184_p2               |    or    |      0|  0|   1|           1|           1|
    |tmp_505_fu_7198_p2              |    or    |      0|  0|   1|           1|           1|
    |tmp_506_fu_7216_p2              |    or    |      0|  0|   1|           1|           1|
    |tmp_514_fu_7378_p2              |    or    |      0|  0|   1|           1|           1|
    |tmp_515_fu_7396_p2              |    or    |      0|  0|   1|           1|           1|
    |tmp_522_fu_4194_p2              |    or    |      0|  0|   1|           1|           1|
    |tmp_528_fu_4553_p2              |    or    |      0|  0|   1|           1|           1|
    |tmp_529_fu_4571_p2              |    or    |      0|  0|   1|           1|           1|
    |tmp_537_fu_7288_p2              |    or    |      0|  0|   1|           1|           1|
    |tmp_538_fu_7306_p2              |    or    |      0|  0|   1|           1|           1|
    |tmp_546_fu_7473_p2              |    or    |      0|  0|   1|           1|           1|
    |tmp_547_fu_7491_p2              |    or    |      0|  0|   1|           1|           1|
    |tmp_57_fu_4283_p2               |    or    |      0|  0|   1|           1|           1|
    |tmp_58_fu_4301_p2               |    or    |      0|  0|   1|           1|           1|
    |tmp_66_fu_4678_p2               |    or    |      0|  0|   1|           1|           1|
    |tmp_67_fu_4696_p2               |    or    |      0|  0|   1|           1|           1|
    |tmp_74_fu_2077_p2               |    or    |      0|  0|   1|           1|           1|
    |tmp_80_fu_2256_p2               |    or    |      0|  0|   1|           1|           1|
    |tmp_81_fu_2274_p2               |    or    |      0|  0|   1|           1|           1|
    |tmp_89_fu_4373_p2               |    or    |      0|  0|   1|           1|           1|
    |tmp_90_fu_4391_p2               |    or    |      0|  0|   1|           1|           1|
    |tmp_98_fu_4773_p2               |    or    |      0|  0|   1|           1|           1|
    |tmp_99_fu_4791_p2               |    or    |      0|  0|   1|           1|           1|
    +--------------------------------+----------+-------+---+----+------------+------------+
    |Total                           |          |      0|  0|4058|        4145|        2759|
    +--------------------------------+----------+-------+---+----+------------+------------+

    * Multiplexer: 
    +-------------------------------+-----+-----------+-----+-----------+
    |              Name             | LUT | Input Size| Bits| Total Bits|
    +-------------------------------+-----+-----------+-----+-----------+
    |ap_NS_fsm                      |   15|         19|    1|         19|
    |grp_fu_1781_p0                 |   32|          3|   32|         96|
    |grp_fu_1781_p1                 |  160|         17|   32|        544|
    |grp_fu_1787_p0                 |   32|          3|   32|         96|
    |grp_fu_1787_p1                 |  160|         17|   32|        544|
    |grp_fu_1793_p0                 |   32|          3|   32|         96|
    |grp_fu_1793_p1                 |   64|         11|   32|        352|
    |grp_fu_1799_p0                 |   32|          3|   32|         96|
    |grp_fu_1799_p1                 |   64|         11|   32|        352|
    |in_c_idx_phi_fu_1774_p4        |    4|          2|    4|          8|
    |in_c_idx_reg_1770              |    4|          2|    4|          8|
    |in_r_idx_phi_fu_1763_p4        |    4|          2|    4|          8|
    |in_r_idx_reg_1759              |    4|          2|    4|          8|
    |indvar_flatten_phi_fu_1752_p4  |    5|          2|    5|         10|
    |indvar_flatten_reg_1748        |    5|          2|    5|         10|
    |x_0_address0                   |   50|         17|   10|        170|
    |x_0_address1                   |   50|         17|   10|        170|
    |x_1_address0                   |   50|         17|   10|        170|
    |x_1_address1                   |   50|         17|   10|        170|
    +-------------------------------+-----+-----------+-----+-----------+
    |Total                          |  817|        167|  323|       2927|
    +-------------------------------+-----+-----------+-----+-----------+

    * Register: 
    +-----------------------------------------+----+----+-----+-----------+
    |                   Name                  | FF | LUT| Bits| Const Bits|
    +-----------------------------------------+----+----+-----+-----------+
    |ap_CS_fsm                                |  18|   0|   18|          0|
    |ap_done_reg                              |   1|   0|    1|          0|
    |ap_reg_ppiten_pp0_it0                    |   1|   0|    1|          0|
    |ap_reg_ppiten_pp0_it1                    |   1|   0|    1|          0|
    |ap_reg_ppstg_p_lshr_f2_reg_7540_pp0_it1  |   3|   0|    3|          0|
    |exitcond_flatten_reg_7521                |   1|   0|    1|          0|
    |in_c_idx_1_reg_7587                      |   4|   0|    4|          0|
    |in_c_idx_reg_1770                        |   4|   0|    4|          0|
    |in_r_idx_mid2_reg_7530                   |   4|   0|    4|          0|
    |in_r_idx_reg_1759                        |   4|   0|    4|          0|
    |indvar_flatten_next_reg_7525             |   5|   0|    5|          0|
    |indvar_flatten_reg_1748                  |   5|   0|    5|          0|
    |out_2_0_0_1_reg_7646                     |  32|   0|   32|          0|
    |out_2_0_1_reg_8000                       |  32|   0|   32|          0|
    |out_2_10_0_1_reg_7886                    |  32|   0|   32|          0|
    |out_2_10_1_reg_8258                      |  32|   0|   32|          0|
    |out_2_10_reg_7852                        |  32|   0|   32|          0|
    |out_2_11_0_1_reg_7893                    |  32|   0|   32|          0|
    |out_2_11_1_reg_8265                      |  32|   0|   32|          0|
    |out_2_11_reg_7859                        |  32|   0|   32|          0|
    |out_2_12_0_1_reg_7952                    |  32|   0|   32|          0|
    |out_2_12_1_reg_8292                      |  32|   0|   32|          0|
    |out_2_12_reg_7900                        |  32|   0|   32|          0|
    |out_2_13_0_1_reg_7959                    |  32|   0|   32|          0|
    |out_2_13_1_reg_8299                      |  32|   0|   32|          0|
    |out_2_13_reg_7907                        |  32|   0|   32|          0|
    |out_2_14_0_1_reg_8014                    |  32|   0|   32|          0|
    |out_2_14_1_reg_8306                      |  32|   0|   32|          0|
    |out_2_14_reg_7966                        |  32|   0|   32|          0|
    |out_2_15_0_1_reg_8021                    |  32|   0|   32|          0|
    |out_2_15_1_reg_8313                      |  32|   0|   32|          0|
    |out_2_15_reg_7973                        |  32|   0|   32|          0|
    |out_2_1_0_1_reg_7653                     |  32|   0|   32|          0|
    |out_2_1_1_reg_8007                       |  32|   0|   32|          0|
    |out_2_1_reg_7619                         |  32|   0|   32|          0|
    |out_2_2_0_1_reg_7694                     |  32|   0|   32|          0|
    |out_2_2_1_reg_8122                       |  32|   0|   32|          0|
    |out_2_2_reg_7660                         |  32|   0|   32|          0|
    |out_2_3_0_1_reg_7701                     |  32|   0|   32|          0|
    |out_2_3_1_reg_8129                       |  32|   0|   32|          0|
    |out_2_3_reg_7667                         |  32|   0|   32|          0|
    |out_2_4_0_1_reg_7742                     |  32|   0|   32|          0|
    |out_2_4_1_reg_8156                       |  32|   0|   32|          0|
    |out_2_4_reg_7708                         |  32|   0|   32|          0|
    |out_2_5_0_1_reg_7749                     |  32|   0|   32|          0|
    |out_2_5_1_reg_8163                       |  32|   0|   32|          0|
    |out_2_5_reg_7715                         |  32|   0|   32|          0|
    |out_2_6_0_1_reg_7790                     |  32|   0|   32|          0|
    |out_2_6_1_reg_8190                       |  32|   0|   32|          0|
    |out_2_6_reg_7756                         |  32|   0|   32|          0|
    |out_2_7_0_1_reg_7797                     |  32|   0|   32|          0|
    |out_2_7_1_reg_8197                       |  32|   0|   32|          0|
    |out_2_7_reg_7763                         |  32|   0|   32|          0|
    |out_2_8_0_1_reg_7838                     |  32|   0|   32|          0|
    |out_2_8_1_reg_8224                       |  32|   0|   32|          0|
    |out_2_8_reg_7804                         |  32|   0|   32|          0|
    |out_2_9_0_1_reg_7845                     |  32|   0|   32|          0|
    |out_2_9_1_reg_8231                       |  32|   0|   32|          0|
    |out_2_9_reg_7811                         |  32|   0|   32|          0|
    |out_2_reg_7612                           |  32|   0|   32|          0|
    |p_lshr_f2_reg_7540                       |   3|   0|    3|          0|
    |p_lshr_f_cast_reg_7535                   |   3|   0|    3|          0|
    |reg_1805                                 |  32|   0|   32|          0|
    |reg_1811                                 |  32|   0|   32|          0|
    |tmp_12_reg_7544                          |   7|   0|   11|          4|
    |tmp_45_reg_7914                          |   7|   0|   11|          4|
    |tmp_4_reg_7567                           |   7|   0|    7|          0|
    |tmp_s_reg_8028                           |   3|   0|   64|         61|
    +-----------------------------------------+----+----+-----+-----------+
    |Total                                    |1681|   0| 1750|         69|
    +-----------------------------------------+----+----+-----+-----------+



================================================================
== Interface
================================================================
* Summary: 
+---------------------------+-----+-----+------------+------------------------+--------------+
|         RTL Ports         | Dir | Bits|  Protocol  |      Source Object     |    C Type    |
+---------------------------+-----+-----+------------+------------------------+--------------+
|ap_clk                     |  in |    1| ap_ctrl_hs | inference_maxPoolNxN.1 | return value |
|ap_rst                     |  in |    1| ap_ctrl_hs | inference_maxPoolNxN.1 | return value |
|ap_start                   |  in |    1| ap_ctrl_hs | inference_maxPoolNxN.1 | return value |
|ap_done                    | out |    1| ap_ctrl_hs | inference_maxPoolNxN.1 | return value |
|ap_continue                |  in |    1| ap_ctrl_hs | inference_maxPoolNxN.1 | return value |
|ap_idle                    | out |    1| ap_ctrl_hs | inference_maxPoolNxN.1 | return value |
|ap_ready                   | out |    1| ap_ctrl_hs | inference_maxPoolNxN.1 | return value |
|x_0_address0               | out |   10|  ap_memory |           x_0          |     array    |
|x_0_ce0                    | out |    1|  ap_memory |           x_0          |     array    |
|x_0_q0                     |  in |   32|  ap_memory |           x_0          |     array    |
|x_0_address1               | out |   10|  ap_memory |           x_0          |     array    |
|x_0_ce1                    | out |    1|  ap_memory |           x_0          |     array    |
|x_0_q1                     |  in |   32|  ap_memory |           x_0          |     array    |
|x_1_address0               | out |   10|  ap_memory |           x_1          |     array    |
|x_1_ce0                    | out |    1|  ap_memory |           x_1          |     array    |
|x_1_q0                     |  in |   32|  ap_memory |           x_1          |     array    |
|x_1_address1               | out |   10|  ap_memory |           x_1          |     array    |
|x_1_ce1                    | out |    1|  ap_memory |           x_1          |     array    |
|x_1_q1                     |  in |   32|  ap_memory |           x_1          |     array    |
|out_feature_0_0_address0   | out |    3|  ap_memory |     out_feature_0_0    |     array    |
|out_feature_0_0_ce0        | out |    1|  ap_memory |     out_feature_0_0    |     array    |
|out_feature_0_0_we0        | out |    1|  ap_memory |     out_feature_0_0    |     array    |
|out_feature_0_0_d0         | out |   32|  ap_memory |     out_feature_0_0    |     array    |
|out_feature_0_1_address0   | out |    3|  ap_memory |     out_feature_0_1    |     array    |
|out_feature_0_1_ce0        | out |    1|  ap_memory |     out_feature_0_1    |     array    |
|out_feature_0_1_we0        | out |    1|  ap_memory |     out_feature_0_1    |     array    |
|out_feature_0_1_d0         | out |   32|  ap_memory |     out_feature_0_1    |     array    |
|out_feature_0_2_address0   | out |    3|  ap_memory |     out_feature_0_2    |     array    |
|out_feature_0_2_ce0        | out |    1|  ap_memory |     out_feature_0_2    |     array    |
|out_feature_0_2_we0        | out |    1|  ap_memory |     out_feature_0_2    |     array    |
|out_feature_0_2_d0         | out |   32|  ap_memory |     out_feature_0_2    |     array    |
|out_feature_0_3_address0   | out |    3|  ap_memory |     out_feature_0_3    |     array    |
|out_feature_0_3_ce0        | out |    1|  ap_memory |     out_feature_0_3    |     array    |
|out_feature_0_3_we0        | out |    1|  ap_memory |     out_feature_0_3    |     array    |
|out_feature_0_3_d0         | out |   32|  ap_memory |     out_feature_0_3    |     array    |
|out_feature_0_4_address0   | out |    3|  ap_memory |     out_feature_0_4    |     array    |
|out_feature_0_4_ce0        | out |    1|  ap_memory |     out_feature_0_4    |     array    |
|out_feature_0_4_we0        | out |    1|  ap_memory |     out_feature_0_4    |     array    |
|out_feature_0_4_d0         | out |   32|  ap_memory |     out_feature_0_4    |     array    |
|out_feature_0_5_address0   | out |    3|  ap_memory |     out_feature_0_5    |     array    |
|out_feature_0_5_ce0        | out |    1|  ap_memory |     out_feature_0_5    |     array    |
|out_feature_0_5_we0        | out |    1|  ap_memory |     out_feature_0_5    |     array    |
|out_feature_0_5_d0         | out |   32|  ap_memory |     out_feature_0_5    |     array    |
|out_feature_0_6_address0   | out |    3|  ap_memory |     out_feature_0_6    |     array    |
|out_feature_0_6_ce0        | out |    1|  ap_memory |     out_feature_0_6    |     array    |
|out_feature_0_6_we0        | out |    1|  ap_memory |     out_feature_0_6    |     array    |
|out_feature_0_6_d0         | out |   32|  ap_memory |     out_feature_0_6    |     array    |
|out_feature_0_7_address0   | out |    3|  ap_memory |     out_feature_0_7    |     array    |
|out_feature_0_7_ce0        | out |    1|  ap_memory |     out_feature_0_7    |     array    |
|out_feature_0_7_we0        | out |    1|  ap_memory |     out_feature_0_7    |     array    |
|out_feature_0_7_d0         | out |   32|  ap_memory |     out_feature_0_7    |     array    |
|out_feature_0_8_address0   | out |    3|  ap_memory |     out_feature_0_8    |     array    |
|out_feature_0_8_ce0        | out |    1|  ap_memory |     out_feature_0_8    |     array    |
|out_feature_0_8_we0        | out |    1|  ap_memory |     out_feature_0_8    |     array    |
|out_feature_0_8_d0         | out |   32|  ap_memory |     out_feature_0_8    |     array    |
|out_feature_0_9_address0   | out |    3|  ap_memory |     out_feature_0_9    |     array    |
|out_feature_0_9_ce0        | out |    1|  ap_memory |     out_feature_0_9    |     array    |
|out_feature_0_9_we0        | out |    1|  ap_memory |     out_feature_0_9    |     array    |
|out_feature_0_9_d0         | out |   32|  ap_memory |     out_feature_0_9    |     array    |
|out_feature_0_10_address0  | out |    3|  ap_memory |    out_feature_0_10    |     array    |
|out_feature_0_10_ce0       | out |    1|  ap_memory |    out_feature_0_10    |     array    |
|out_feature_0_10_we0       | out |    1|  ap_memory |    out_feature_0_10    |     array    |
|out_feature_0_10_d0        | out |   32|  ap_memory |    out_feature_0_10    |     array    |
|out_feature_0_11_address0  | out |    3|  ap_memory |    out_feature_0_11    |     array    |
|out_feature_0_11_ce0       | out |    1|  ap_memory |    out_feature_0_11    |     array    |
|out_feature_0_11_we0       | out |    1|  ap_memory |    out_feature_0_11    |     array    |
|out_feature_0_11_d0        | out |   32|  ap_memory |    out_feature_0_11    |     array    |
|out_feature_0_12_address0  | out |    3|  ap_memory |    out_feature_0_12    |     array    |
|out_feature_0_12_ce0       | out |    1|  ap_memory |    out_feature_0_12    |     array    |
|out_feature_0_12_we0       | out |    1|  ap_memory |    out_feature_0_12    |     array    |
|out_feature_0_12_d0        | out |   32|  ap_memory |    out_feature_0_12    |     array    |
|out_feature_0_13_address0  | out |    3|  ap_memory |    out_feature_0_13    |     array    |
|out_feature_0_13_ce0       | out |    1|  ap_memory |    out_feature_0_13    |     array    |
|out_feature_0_13_we0       | out |    1|  ap_memory |    out_feature_0_13    |     array    |
|out_feature_0_13_d0        | out |   32|  ap_memory |    out_feature_0_13    |     array    |
|out_feature_0_14_address0  | out |    3|  ap_memory |    out_feature_0_14    |     array    |
|out_feature_0_14_ce0       | out |    1|  ap_memory |    out_feature_0_14    |     array    |
|out_feature_0_14_we0       | out |    1|  ap_memory |    out_feature_0_14    |     array    |
|out_feature_0_14_d0        | out |   32|  ap_memory |    out_feature_0_14    |     array    |
|out_feature_0_15_address0  | out |    3|  ap_memory |    out_feature_0_15    |     array    |
|out_feature_0_15_ce0       | out |    1|  ap_memory |    out_feature_0_15    |     array    |
|out_feature_0_15_we0       | out |    1|  ap_memory |    out_feature_0_15    |     array    |
|out_feature_0_15_d0        | out |   32|  ap_memory |    out_feature_0_15    |     array    |
|out_feature_1_0_address0   | out |    3|  ap_memory |     out_feature_1_0    |     array    |
|out_feature_1_0_ce0        | out |    1|  ap_memory |     out_feature_1_0    |     array    |
|out_feature_1_0_we0        | out |    1|  ap_memory |     out_feature_1_0    |     array    |
|out_feature_1_0_d0         | out |   32|  ap_memory |     out_feature_1_0    |     array    |
|out_feature_1_1_address0   | out |    3|  ap_memory |     out_feature_1_1    |     array    |
|out_feature_1_1_ce0        | out |    1|  ap_memory |     out_feature_1_1    |     array    |
|out_feature_1_1_we0        | out |    1|  ap_memory |     out_feature_1_1    |     array    |
|out_feature_1_1_d0         | out |   32|  ap_memory |     out_feature_1_1    |     array    |
|out_feature_1_2_address0   | out |    3|  ap_memory |     out_feature_1_2    |     array    |
|out_feature_1_2_ce0        | out |    1|  ap_memory |     out_feature_1_2    |     array    |
|out_feature_1_2_we0        | out |    1|  ap_memory |     out_feature_1_2    |     array    |
|out_feature_1_2_d0         | out |   32|  ap_memory |     out_feature_1_2    |     array    |
|out_feature_1_3_address0   | out |    3|  ap_memory |     out_feature_1_3    |     array    |
|out_feature_1_3_ce0        | out |    1|  ap_memory |     out_feature_1_3    |     array    |
|out_feature_1_3_we0        | out |    1|  ap_memory |     out_feature_1_3    |     array    |
|out_feature_1_3_d0         | out |   32|  ap_memory |     out_feature_1_3    |     array    |
|out_feature_1_4_address0   | out |    3|  ap_memory |     out_feature_1_4    |     array    |
|out_feature_1_4_ce0        | out |    1|  ap_memory |     out_feature_1_4    |     array    |
|out_feature_1_4_we0        | out |    1|  ap_memory |     out_feature_1_4    |     array    |
|out_feature_1_4_d0         | out |   32|  ap_memory |     out_feature_1_4    |     array    |
|out_feature_1_5_address0   | out |    3|  ap_memory |     out_feature_1_5    |     array    |
|out_feature_1_5_ce0        | out |    1|  ap_memory |     out_feature_1_5    |     array    |
|out_feature_1_5_we0        | out |    1|  ap_memory |     out_feature_1_5    |     array    |
|out_feature_1_5_d0         | out |   32|  ap_memory |     out_feature_1_5    |     array    |
|out_feature_1_6_address0   | out |    3|  ap_memory |     out_feature_1_6    |     array    |
|out_feature_1_6_ce0        | out |    1|  ap_memory |     out_feature_1_6    |     array    |
|out_feature_1_6_we0        | out |    1|  ap_memory |     out_feature_1_6    |     array    |
|out_feature_1_6_d0         | out |   32|  ap_memory |     out_feature_1_6    |     array    |
|out_feature_1_7_address0   | out |    3|  ap_memory |     out_feature_1_7    |     array    |
|out_feature_1_7_ce0        | out |    1|  ap_memory |     out_feature_1_7    |     array    |
|out_feature_1_7_we0        | out |    1|  ap_memory |     out_feature_1_7    |     array    |
|out_feature_1_7_d0         | out |   32|  ap_memory |     out_feature_1_7    |     array    |
|out_feature_1_8_address0   | out |    3|  ap_memory |     out_feature_1_8    |     array    |
|out_feature_1_8_ce0        | out |    1|  ap_memory |     out_feature_1_8    |     array    |
|out_feature_1_8_we0        | out |    1|  ap_memory |     out_feature_1_8    |     array    |
|out_feature_1_8_d0         | out |   32|  ap_memory |     out_feature_1_8    |     array    |
|out_feature_1_9_address0   | out |    3|  ap_memory |     out_feature_1_9    |     array    |
|out_feature_1_9_ce0        | out |    1|  ap_memory |     out_feature_1_9    |     array    |
|out_feature_1_9_we0        | out |    1|  ap_memory |     out_feature_1_9    |     array    |
|out_feature_1_9_d0         | out |   32|  ap_memory |     out_feature_1_9    |     array    |
|out_feature_1_10_address0  | out |    3|  ap_memory |    out_feature_1_10    |     array    |
|out_feature_1_10_ce0       | out |    1|  ap_memory |    out_feature_1_10    |     array    |
|out_feature_1_10_we0       | out |    1|  ap_memory |    out_feature_1_10    |     array    |
|out_feature_1_10_d0        | out |   32|  ap_memory |    out_feature_1_10    |     array    |
|out_feature_1_11_address0  | out |    3|  ap_memory |    out_feature_1_11    |     array    |
|out_feature_1_11_ce0       | out |    1|  ap_memory |    out_feature_1_11    |     array    |
|out_feature_1_11_we0       | out |    1|  ap_memory |    out_feature_1_11    |     array    |
|out_feature_1_11_d0        | out |   32|  ap_memory |    out_feature_1_11    |     array    |
|out_feature_1_12_address0  | out |    3|  ap_memory |    out_feature_1_12    |     array    |
|out_feature_1_12_ce0       | out |    1|  ap_memory |    out_feature_1_12    |     array    |
|out_feature_1_12_we0       | out |    1|  ap_memory |    out_feature_1_12    |     array    |
|out_feature_1_12_d0        | out |   32|  ap_memory |    out_feature_1_12    |     array    |
|out_feature_1_13_address0  | out |    3|  ap_memory |    out_feature_1_13    |     array    |
|out_feature_1_13_ce0       | out |    1|  ap_memory |    out_feature_1_13    |     array    |
|out_feature_1_13_we0       | out |    1|  ap_memory |    out_feature_1_13    |     array    |
|out_feature_1_13_d0        | out |   32|  ap_memory |    out_feature_1_13    |     array    |
|out_feature_1_14_address0  | out |    3|  ap_memory |    out_feature_1_14    |     array    |
|out_feature_1_14_ce0       | out |    1|  ap_memory |    out_feature_1_14    |     array    |
|out_feature_1_14_we0       | out |    1|  ap_memory |    out_feature_1_14    |     array    |
|out_feature_1_14_d0        | out |   32|  ap_memory |    out_feature_1_14    |     array    |
|out_feature_1_15_address0  | out |    3|  ap_memory |    out_feature_1_15    |     array    |
|out_feature_1_15_ce0       | out |    1|  ap_memory |    out_feature_1_15    |     array    |
|out_feature_1_15_we0       | out |    1|  ap_memory |    out_feature_1_15    |     array    |
|out_feature_1_15_d0        | out |   32|  ap_memory |    out_feature_1_15    |     array    |
|out_feature_2_0_address0   | out |    3|  ap_memory |     out_feature_2_0    |     array    |
|out_feature_2_0_ce0        | out |    1|  ap_memory |     out_feature_2_0    |     array    |
|out_feature_2_0_we0        | out |    1|  ap_memory |     out_feature_2_0    |     array    |
|out_feature_2_0_d0         | out |   32|  ap_memory |     out_feature_2_0    |     array    |
|out_feature_2_1_address0   | out |    3|  ap_memory |     out_feature_2_1    |     array    |
|out_feature_2_1_ce0        | out |    1|  ap_memory |     out_feature_2_1    |     array    |
|out_feature_2_1_we0        | out |    1|  ap_memory |     out_feature_2_1    |     array    |
|out_feature_2_1_d0         | out |   32|  ap_memory |     out_feature_2_1    |     array    |
|out_feature_2_2_address0   | out |    3|  ap_memory |     out_feature_2_2    |     array    |
|out_feature_2_2_ce0        | out |    1|  ap_memory |     out_feature_2_2    |     array    |
|out_feature_2_2_we0        | out |    1|  ap_memory |     out_feature_2_2    |     array    |
|out_feature_2_2_d0         | out |   32|  ap_memory |     out_feature_2_2    |     array    |
|out_feature_2_3_address0   | out |    3|  ap_memory |     out_feature_2_3    |     array    |
|out_feature_2_3_ce0        | out |    1|  ap_memory |     out_feature_2_3    |     array    |
|out_feature_2_3_we0        | out |    1|  ap_memory |     out_feature_2_3    |     array    |
|out_feature_2_3_d0         | out |   32|  ap_memory |     out_feature_2_3    |     array    |
|out_feature_2_4_address0   | out |    3|  ap_memory |     out_feature_2_4    |     array    |
|out_feature_2_4_ce0        | out |    1|  ap_memory |     out_feature_2_4    |     array    |
|out_feature_2_4_we0        | out |    1|  ap_memory |     out_feature_2_4    |     array    |
|out_feature_2_4_d0         | out |   32|  ap_memory |     out_feature_2_4    |     array    |
|out_feature_2_5_address0   | out |    3|  ap_memory |     out_feature_2_5    |     array    |
|out_feature_2_5_ce0        | out |    1|  ap_memory |     out_feature_2_5    |     array    |
|out_feature_2_5_we0        | out |    1|  ap_memory |     out_feature_2_5    |     array    |
|out_feature_2_5_d0         | out |   32|  ap_memory |     out_feature_2_5    |     array    |
|out_feature_2_6_address0   | out |    3|  ap_memory |     out_feature_2_6    |     array    |
|out_feature_2_6_ce0        | out |    1|  ap_memory |     out_feature_2_6    |     array    |
|out_feature_2_6_we0        | out |    1|  ap_memory |     out_feature_2_6    |     array    |
|out_feature_2_6_d0         | out |   32|  ap_memory |     out_feature_2_6    |     array    |
|out_feature_2_7_address0   | out |    3|  ap_memory |     out_feature_2_7    |     array    |
|out_feature_2_7_ce0        | out |    1|  ap_memory |     out_feature_2_7    |     array    |
|out_feature_2_7_we0        | out |    1|  ap_memory |     out_feature_2_7    |     array    |
|out_feature_2_7_d0         | out |   32|  ap_memory |     out_feature_2_7    |     array    |
|out_feature_2_8_address0   | out |    3|  ap_memory |     out_feature_2_8    |     array    |
|out_feature_2_8_ce0        | out |    1|  ap_memory |     out_feature_2_8    |     array    |
|out_feature_2_8_we0        | out |    1|  ap_memory |     out_feature_2_8    |     array    |
|out_feature_2_8_d0         | out |   32|  ap_memory |     out_feature_2_8    |     array    |
|out_feature_2_9_address0   | out |    3|  ap_memory |     out_feature_2_9    |     array    |
|out_feature_2_9_ce0        | out |    1|  ap_memory |     out_feature_2_9    |     array    |
|out_feature_2_9_we0        | out |    1|  ap_memory |     out_feature_2_9    |     array    |
|out_feature_2_9_d0         | out |   32|  ap_memory |     out_feature_2_9    |     array    |
|out_feature_2_10_address0  | out |    3|  ap_memory |    out_feature_2_10    |     array    |
|out_feature_2_10_ce0       | out |    1|  ap_memory |    out_feature_2_10    |     array    |
|out_feature_2_10_we0       | out |    1|  ap_memory |    out_feature_2_10    |     array    |
|out_feature_2_10_d0        | out |   32|  ap_memory |    out_feature_2_10    |     array    |
|out_feature_2_11_address0  | out |    3|  ap_memory |    out_feature_2_11    |     array    |
|out_feature_2_11_ce0       | out |    1|  ap_memory |    out_feature_2_11    |     array    |
|out_feature_2_11_we0       | out |    1|  ap_memory |    out_feature_2_11    |     array    |
|out_feature_2_11_d0        | out |   32|  ap_memory |    out_feature_2_11    |     array    |
|out_feature_2_12_address0  | out |    3|  ap_memory |    out_feature_2_12    |     array    |
|out_feature_2_12_ce0       | out |    1|  ap_memory |    out_feature_2_12    |     array    |
|out_feature_2_12_we0       | out |    1|  ap_memory |    out_feature_2_12    |     array    |
|out_feature_2_12_d0        | out |   32|  ap_memory |    out_feature_2_12    |     array    |
|out_feature_2_13_address0  | out |    3|  ap_memory |    out_feature_2_13    |     array    |
|out_feature_2_13_ce0       | out |    1|  ap_memory |    out_feature_2_13    |     array    |
|out_feature_2_13_we0       | out |    1|  ap_memory |    out_feature_2_13    |     array    |
|out_feature_2_13_d0        | out |   32|  ap_memory |    out_feature_2_13    |     array    |
|out_feature_2_14_address0  | out |    3|  ap_memory |    out_feature_2_14    |     array    |
|out_feature_2_14_ce0       | out |    1|  ap_memory |    out_feature_2_14    |     array    |
|out_feature_2_14_we0       | out |    1|  ap_memory |    out_feature_2_14    |     array    |
|out_feature_2_14_d0        | out |   32|  ap_memory |    out_feature_2_14    |     array    |
|out_feature_2_15_address0  | out |    3|  ap_memory |    out_feature_2_15    |     array    |
|out_feature_2_15_ce0       | out |    1|  ap_memory |    out_feature_2_15    |     array    |
|out_feature_2_15_we0       | out |    1|  ap_memory |    out_feature_2_15    |     array    |
|out_feature_2_15_d0        | out |   32|  ap_memory |    out_feature_2_15    |     array    |
|out_feature_3_0_address0   | out |    3|  ap_memory |     out_feature_3_0    |     array    |
|out_feature_3_0_ce0        | out |    1|  ap_memory |     out_feature_3_0    |     array    |
|out_feature_3_0_we0        | out |    1|  ap_memory |     out_feature_3_0    |     array    |
|out_feature_3_0_d0         | out |   32|  ap_memory |     out_feature_3_0    |     array    |
|out_feature_3_1_address0   | out |    3|  ap_memory |     out_feature_3_1    |     array    |
|out_feature_3_1_ce0        | out |    1|  ap_memory |     out_feature_3_1    |     array    |
|out_feature_3_1_we0        | out |    1|  ap_memory |     out_feature_3_1    |     array    |
|out_feature_3_1_d0         | out |   32|  ap_memory |     out_feature_3_1    |     array    |
|out_feature_3_2_address0   | out |    3|  ap_memory |     out_feature_3_2    |     array    |
|out_feature_3_2_ce0        | out |    1|  ap_memory |     out_feature_3_2    |     array    |
|out_feature_3_2_we0        | out |    1|  ap_memory |     out_feature_3_2    |     array    |
|out_feature_3_2_d0         | out |   32|  ap_memory |     out_feature_3_2    |     array    |
|out_feature_3_3_address0   | out |    3|  ap_memory |     out_feature_3_3    |     array    |
|out_feature_3_3_ce0        | out |    1|  ap_memory |     out_feature_3_3    |     array    |
|out_feature_3_3_we0        | out |    1|  ap_memory |     out_feature_3_3    |     array    |
|out_feature_3_3_d0         | out |   32|  ap_memory |     out_feature_3_3    |     array    |
|out_feature_3_4_address0   | out |    3|  ap_memory |     out_feature_3_4    |     array    |
|out_feature_3_4_ce0        | out |    1|  ap_memory |     out_feature_3_4    |     array    |
|out_feature_3_4_we0        | out |    1|  ap_memory |     out_feature_3_4    |     array    |
|out_feature_3_4_d0         | out |   32|  ap_memory |     out_feature_3_4    |     array    |
|out_feature_3_5_address0   | out |    3|  ap_memory |     out_feature_3_5    |     array    |
|out_feature_3_5_ce0        | out |    1|  ap_memory |     out_feature_3_5    |     array    |
|out_feature_3_5_we0        | out |    1|  ap_memory |     out_feature_3_5    |     array    |
|out_feature_3_5_d0         | out |   32|  ap_memory |     out_feature_3_5    |     array    |
|out_feature_3_6_address0   | out |    3|  ap_memory |     out_feature_3_6    |     array    |
|out_feature_3_6_ce0        | out |    1|  ap_memory |     out_feature_3_6    |     array    |
|out_feature_3_6_we0        | out |    1|  ap_memory |     out_feature_3_6    |     array    |
|out_feature_3_6_d0         | out |   32|  ap_memory |     out_feature_3_6    |     array    |
|out_feature_3_7_address0   | out |    3|  ap_memory |     out_feature_3_7    |     array    |
|out_feature_3_7_ce0        | out |    1|  ap_memory |     out_feature_3_7    |     array    |
|out_feature_3_7_we0        | out |    1|  ap_memory |     out_feature_3_7    |     array    |
|out_feature_3_7_d0         | out |   32|  ap_memory |     out_feature_3_7    |     array    |
|out_feature_3_8_address0   | out |    3|  ap_memory |     out_feature_3_8    |     array    |
|out_feature_3_8_ce0        | out |    1|  ap_memory |     out_feature_3_8    |     array    |
|out_feature_3_8_we0        | out |    1|  ap_memory |     out_feature_3_8    |     array    |
|out_feature_3_8_d0         | out |   32|  ap_memory |     out_feature_3_8    |     array    |
|out_feature_3_9_address0   | out |    3|  ap_memory |     out_feature_3_9    |     array    |
|out_feature_3_9_ce0        | out |    1|  ap_memory |     out_feature_3_9    |     array    |
|out_feature_3_9_we0        | out |    1|  ap_memory |     out_feature_3_9    |     array    |
|out_feature_3_9_d0         | out |   32|  ap_memory |     out_feature_3_9    |     array    |
|out_feature_3_10_address0  | out |    3|  ap_memory |    out_feature_3_10    |     array    |
|out_feature_3_10_ce0       | out |    1|  ap_memory |    out_feature_3_10    |     array    |
|out_feature_3_10_we0       | out |    1|  ap_memory |    out_feature_3_10    |     array    |
|out_feature_3_10_d0        | out |   32|  ap_memory |    out_feature_3_10    |     array    |
|out_feature_3_11_address0  | out |    3|  ap_memory |    out_feature_3_11    |     array    |
|out_feature_3_11_ce0       | out |    1|  ap_memory |    out_feature_3_11    |     array    |
|out_feature_3_11_we0       | out |    1|  ap_memory |    out_feature_3_11    |     array    |
|out_feature_3_11_d0        | out |   32|  ap_memory |    out_feature_3_11    |     array    |
|out_feature_3_12_address0  | out |    3|  ap_memory |    out_feature_3_12    |     array    |
|out_feature_3_12_ce0       | out |    1|  ap_memory |    out_feature_3_12    |     array    |
|out_feature_3_12_we0       | out |    1|  ap_memory |    out_feature_3_12    |     array    |
|out_feature_3_12_d0        | out |   32|  ap_memory |    out_feature_3_12    |     array    |
|out_feature_3_13_address0  | out |    3|  ap_memory |    out_feature_3_13    |     array    |
|out_feature_3_13_ce0       | out |    1|  ap_memory |    out_feature_3_13    |     array    |
|out_feature_3_13_we0       | out |    1|  ap_memory |    out_feature_3_13    |     array    |
|out_feature_3_13_d0        | out |   32|  ap_memory |    out_feature_3_13    |     array    |
|out_feature_3_14_address0  | out |    3|  ap_memory |    out_feature_3_14    |     array    |
|out_feature_3_14_ce0       | out |    1|  ap_memory |    out_feature_3_14    |     array    |
|out_feature_3_14_we0       | out |    1|  ap_memory |    out_feature_3_14    |     array    |
|out_feature_3_14_d0        | out |   32|  ap_memory |    out_feature_3_14    |     array    |
|out_feature_3_15_address0  | out |    3|  ap_memory |    out_feature_3_15    |     array    |
|out_feature_3_15_ce0       | out |    1|  ap_memory |    out_feature_3_15    |     array    |
|out_feature_3_15_we0       | out |    1|  ap_memory |    out_feature_3_15    |     array    |
|out_feature_3_15_d0        | out |   32|  ap_memory |    out_feature_3_15    |     array    |
|out_feature_4_0_address0   | out |    3|  ap_memory |     out_feature_4_0    |     array    |
|out_feature_4_0_ce0        | out |    1|  ap_memory |     out_feature_4_0    |     array    |
|out_feature_4_0_we0        | out |    1|  ap_memory |     out_feature_4_0    |     array    |
|out_feature_4_0_d0         | out |   32|  ap_memory |     out_feature_4_0    |     array    |
|out_feature_4_1_address0   | out |    3|  ap_memory |     out_feature_4_1    |     array    |
|out_feature_4_1_ce0        | out |    1|  ap_memory |     out_feature_4_1    |     array    |
|out_feature_4_1_we0        | out |    1|  ap_memory |     out_feature_4_1    |     array    |
|out_feature_4_1_d0         | out |   32|  ap_memory |     out_feature_4_1    |     array    |
|out_feature_4_2_address0   | out |    3|  ap_memory |     out_feature_4_2    |     array    |
|out_feature_4_2_ce0        | out |    1|  ap_memory |     out_feature_4_2    |     array    |
|out_feature_4_2_we0        | out |    1|  ap_memory |     out_feature_4_2    |     array    |
|out_feature_4_2_d0         | out |   32|  ap_memory |     out_feature_4_2    |     array    |
|out_feature_4_3_address0   | out |    3|  ap_memory |     out_feature_4_3    |     array    |
|out_feature_4_3_ce0        | out |    1|  ap_memory |     out_feature_4_3    |     array    |
|out_feature_4_3_we0        | out |    1|  ap_memory |     out_feature_4_3    |     array    |
|out_feature_4_3_d0         | out |   32|  ap_memory |     out_feature_4_3    |     array    |
|out_feature_4_4_address0   | out |    3|  ap_memory |     out_feature_4_4    |     array    |
|out_feature_4_4_ce0        | out |    1|  ap_memory |     out_feature_4_4    |     array    |
|out_feature_4_4_we0        | out |    1|  ap_memory |     out_feature_4_4    |     array    |
|out_feature_4_4_d0         | out |   32|  ap_memory |     out_feature_4_4    |     array    |
|out_feature_4_5_address0   | out |    3|  ap_memory |     out_feature_4_5    |     array    |
|out_feature_4_5_ce0        | out |    1|  ap_memory |     out_feature_4_5    |     array    |
|out_feature_4_5_we0        | out |    1|  ap_memory |     out_feature_4_5    |     array    |
|out_feature_4_5_d0         | out |   32|  ap_memory |     out_feature_4_5    |     array    |
|out_feature_4_6_address0   | out |    3|  ap_memory |     out_feature_4_6    |     array    |
|out_feature_4_6_ce0        | out |    1|  ap_memory |     out_feature_4_6    |     array    |
|out_feature_4_6_we0        | out |    1|  ap_memory |     out_feature_4_6    |     array    |
|out_feature_4_6_d0         | out |   32|  ap_memory |     out_feature_4_6    |     array    |
|out_feature_4_7_address0   | out |    3|  ap_memory |     out_feature_4_7    |     array    |
|out_feature_4_7_ce0        | out |    1|  ap_memory |     out_feature_4_7    |     array    |
|out_feature_4_7_we0        | out |    1|  ap_memory |     out_feature_4_7    |     array    |
|out_feature_4_7_d0         | out |   32|  ap_memory |     out_feature_4_7    |     array    |
|out_feature_4_8_address0   | out |    3|  ap_memory |     out_feature_4_8    |     array    |
|out_feature_4_8_ce0        | out |    1|  ap_memory |     out_feature_4_8    |     array    |
|out_feature_4_8_we0        | out |    1|  ap_memory |     out_feature_4_8    |     array    |
|out_feature_4_8_d0         | out |   32|  ap_memory |     out_feature_4_8    |     array    |
|out_feature_4_9_address0   | out |    3|  ap_memory |     out_feature_4_9    |     array    |
|out_feature_4_9_ce0        | out |    1|  ap_memory |     out_feature_4_9    |     array    |
|out_feature_4_9_we0        | out |    1|  ap_memory |     out_feature_4_9    |     array    |
|out_feature_4_9_d0         | out |   32|  ap_memory |     out_feature_4_9    |     array    |
|out_feature_4_10_address0  | out |    3|  ap_memory |    out_feature_4_10    |     array    |
|out_feature_4_10_ce0       | out |    1|  ap_memory |    out_feature_4_10    |     array    |
|out_feature_4_10_we0       | out |    1|  ap_memory |    out_feature_4_10    |     array    |
|out_feature_4_10_d0        | out |   32|  ap_memory |    out_feature_4_10    |     array    |
|out_feature_4_11_address0  | out |    3|  ap_memory |    out_feature_4_11    |     array    |
|out_feature_4_11_ce0       | out |    1|  ap_memory |    out_feature_4_11    |     array    |
|out_feature_4_11_we0       | out |    1|  ap_memory |    out_feature_4_11    |     array    |
|out_feature_4_11_d0        | out |   32|  ap_memory |    out_feature_4_11    |     array    |
|out_feature_4_12_address0  | out |    3|  ap_memory |    out_feature_4_12    |     array    |
|out_feature_4_12_ce0       | out |    1|  ap_memory |    out_feature_4_12    |     array    |
|out_feature_4_12_we0       | out |    1|  ap_memory |    out_feature_4_12    |     array    |
|out_feature_4_12_d0        | out |   32|  ap_memory |    out_feature_4_12    |     array    |
|out_feature_4_13_address0  | out |    3|  ap_memory |    out_feature_4_13    |     array    |
|out_feature_4_13_ce0       | out |    1|  ap_memory |    out_feature_4_13    |     array    |
|out_feature_4_13_we0       | out |    1|  ap_memory |    out_feature_4_13    |     array    |
|out_feature_4_13_d0        | out |   32|  ap_memory |    out_feature_4_13    |     array    |
|out_feature_4_14_address0  | out |    3|  ap_memory |    out_feature_4_14    |     array    |
|out_feature_4_14_ce0       | out |    1|  ap_memory |    out_feature_4_14    |     array    |
|out_feature_4_14_we0       | out |    1|  ap_memory |    out_feature_4_14    |     array    |
|out_feature_4_14_d0        | out |   32|  ap_memory |    out_feature_4_14    |     array    |
|out_feature_4_15_address0  | out |    3|  ap_memory |    out_feature_4_15    |     array    |
|out_feature_4_15_ce0       | out |    1|  ap_memory |    out_feature_4_15    |     array    |
|out_feature_4_15_we0       | out |    1|  ap_memory |    out_feature_4_15    |     array    |
|out_feature_4_15_d0        | out |   32|  ap_memory |    out_feature_4_15    |     array    |
+---------------------------+-----+-----+------------+------------------------+--------------+

